=== RUN   TestNoSells
--- PASS: TestNoSells (0.00s)
=== RUN   TestSellThenBuySameCurrencyWithinWindow
    cashbucket_test.go:77: 
        	Error Trace:	D:/projects/gofolio-analysis/backend/services/cashbucket/cashbucket_test.go:77
        	Error:      	Not equal: 
        	            	expected: 100
        	            	actual  : 0
        	Test:       	TestSellThenBuySameCurrencyWithinWindow
    cashbucket_test.go:79: 
        	Error Trace:	D:/projects/gofolio-analysis/backend/services/cashbucket/cashbucket_test.go:79
        	Error:      	Should be empty, but was [{2024-02-09 12:00:00 +0000 UTC 100}]
        	Test:       	TestSellThenBuySameCurrencyWithinWindow
--- FAIL: TestSellThenBuySameCurrencyWithinWindow (0.00s)
=== RUN   TestSellUSDThenBuyEURWithinWindow
    cashbucket_test.go:114: 
        	Error Trace:	D:/projects/gofolio-analysis/backend/services/cashbucket/cashbucket_test.go:114
        	Error:      	Max difference between 120 and 0 allowed is 0.01, but difference was 120
        	Test:       	TestSellUSDThenBuyEURWithinWindow
    cashbucket_test.go:115: 
        	Error Trace:	D:/projects/gofolio-analysis/backend/services/cashbucket/cashbucket_test.go:115
        	Error:      	Should be empty, but was [{2024-02-09 12:00:00 +0000 UTC 119.99999999999989}]
        	Test:       	TestSellUSDThenBuyEURWithinWindow
--- FAIL: TestSellUSDThenBuyEURWithinWindow (0.00s)
=== RUN   TestSellPartialBuy
--- PASS: TestSellPartialBuy (0.00s)
=== RUN   TestSellNoBuyBucketExpires
--- PASS: TestSellNoBuyBucketExpires (0.00s)
=== RUN   TestMultipleSellsFIFO
--- PASS: TestMultipleSellsFIFO (0.00s)
=== RUN   TestBuyExceedsAllBuckets
--- PASS: TestBuyExceedsAllBuckets (0.00s)
=== RUN   TestSellAndBuySameDay
--- PASS: TestSellAndBuySameDay (0.00s)
=== RUN   TestZeroExpiryDays
--- PASS: TestZeroExpiryDays (0.00s)
=== RUN   TestDividendsPassThrough
--- PASS: TestDividendsPassThrough (0.00s)
=== RUN   TestBucketPartiallyConsumedThenExpires
    cashbucket_test.go:275: 
        	Error Trace:	D:/projects/gofolio-analysis/backend/services/cashbucket/cashbucket_test.go:275
        	Error:      	Not equal: 
        	            	expected: time.Date(2024, time.February, 9, 0, 0, 0, 0, time.UTC)
        	            	actual  : time.Date(2024, time.February, 9, 12, 0, 0, 0, time.UTC)
        	            	
        	            	Diff:
        	            	--- Expected
        	            	+++ Actual
        	            	@@ -1,2 +1,2 @@
        	            	-(time.Time) 2024-02-09 00:00:00 +0000 UTC
        	            	+(time.Time) 2024-02-09 12:00:00 +0000 UTC
        	            	 
        	Test:       	TestBucketPartiallyConsumedThenExpires
--- FAIL: TestBucketPartiallyConsumedThenExpires (0.00s)
=== RUN   TestFXTradesIgnored
--- PASS: TestFXTradesIgnored (0.00s)
FAIL
FAIL	portfolio-analysis/services/cashbucket	1.008s
FAIL
